// Jest Snapshot v1, https://goo.gl/fbAQLP

exports[`renders correctly 1`] = `
<RCTSafeAreaView
  emulateUnlessSupported={true}
  style={
    Object {
      "backgroundColor": "#F5FCFF",
      "flex": 1,
    }
  }
>
  <View
    onLayout={[Function]}
    style={
      Object {
        "flex": 1,
      }
    }
  >
    <RCTScrollView
      bounces={false}
      contentOffset={
        Object {
          "x": 0,
          "y": 0,
        }
      }
      onMomentumScrollBegin={[Function]}
      onMomentumScrollEnd={[Function]}
      onScroll={[Function]}
      onScrollBeginDrag={[Function]}
      onScrollEndDrag={[Function]}
      overScrollMode="never"
      scrollEventThrottle={16}
      showsVerticalScrollIndicator={false}
    >
      <View>
        <View
          style={
            Object {
              "height": 300,
            }
          }
        >
          <View
            style={
              Object {
                "backgroundColor": "rgba(22, 177, 247, 1)",
                "flex": 1,
              }
            }
          />
        </View>
        <RCTScrollView
          bounces={false}
          nestedScrollEnabled={true}
          onLayout={[Function]}
          onScrollEndDrag={[Function]}
          style={
            Array [
              undefined,
              Object {
                "height": 1278,
              },
            ]
          }
        >
          <View>
            <View
              style={
                Object {
                  "backgroundColor": "#b8e2f5",
                  "height": 200,
                  "marginBottom": 12,
                }
              }
            />
            <View
              style={
                Object {
                  "backgroundColor": "#b8e2f5",
                  "height": 200,
                  "marginBottom": 12,
                }
              }
            />
            <View
              style={
                Array [
                  Object {
                    "backgroundColor": "#b8e2f5",
                    "height": 200,
                    "marginBottom": 12,
                  },
                  Object {
                    "backgroundColor": "#b8bff5",
                  },
                ]
              }
            />
            <View
              style={
                Object {
                  "backgroundColor": "#b8e2f5",
                  "height": 200,
                  "marginBottom": 12,
                }
              }
            />
            <View
              style={
                Object {
                  "backgroundColor": "#b8e2f5",
                  "height": 200,
                  "marginBottom": 12,
                }
              }
            />
            <View
              style={
                Object {
                  "backgroundColor": "#b8e2f5",
                  "height": 200,
                  "marginBottom": 12,
                }
              }
            />
            <View
              accessibilityRole="button"
              accessibilityStates={Array []}
              accessible={true}
              isTVSelectable={true}
              onResponderGrant={[Function]}
              onResponderMove={[Function]}
              onResponderRelease={[Function]}
              onResponderTerminate={[Function]}
              onResponderTerminationRequest={[Function]}
              onStartShouldSetResponder={[Function]}
              style={
                Object {
                  "opacity": 1,
                }
              }
            >
              <View
                style={
                  Array [
                    Object {},
                  ]
                }
              >
                <Text
                  style={
                    Array [
                      Object {
                        "color": "#007AFF",
                        "fontSize": 18,
                        "padding": 8,
                        "textAlign": "center",
                      },
                    ]
                  }
                >
                  Scroll to View
                </Text>
              </View>
            </View>
          </View>
        </RCTScrollView>
      </View>
    </RCTScrollView>
  </View>
</RCTSafeAreaView>
`;
